{"gate": "SitkaGrowthModelVerification", "status": "PASS", "seconds": 109.62, "exit_code": 0}
{"gate": "RegenerationModelVerification", "status": "PASS", "seconds": 165.28, "exit_code": 0}
{"gate": "ScenarioReferenceVerification", "status": "PASS", "seconds": 79.2, "exit_code": 0}
{"gate": "ScenarioOneCompletionVerification", "status": "PASS", "seconds": 75.91, "exit_code": 0}
{"gate": "ScenarioOneEconomyIntegrationVerification", "status": "PASS", "seconds": 70.84, "exit_code": 0}
{"gate": "BrowsingProtectionVerification", "status": "PASS", "seconds": 134.95, "exit_code": 0}
{"gate": "ScenarioOnePlantingVerification", "status": "PASS", "seconds": 54.65, "exit_code": 0}
{"gate": "ScenarioOnePruningVerification", "status": "PASS", "seconds": 55.36, "exit_code": 0}
{"gate": "ScenarioOneDeadwoodVerification", "status": "PASS", "seconds": 56.66, "exit_code": 0}
{"gate": "ScenarioOneProgressVerification", "status": "PASS", "seconds": 55.13, "exit_code": 0}
{"gate": "SaveHardeningVerification", "status": "PASS", "seconds": 50.0, "exit_code": 0}
{"gate": "RngModelVerification", "status": "PASS", "seconds": 40.07, "exit_code": 0}
{"gate": "RngModelPolicyVerification", "status": "PASS", "seconds": 89.49, "exit_code": 0}
{"gate": "ScenarioOneInteractionVerification", "status": "PASS", "seconds": 76.0, "exit_code": 0}
{"gate": "EcologyCalibrationAdoptionVerification", "status": "PASS", "seconds": 100.79, "exit_code": 0}
{"gate": "CCFIntegrationVerificationTemp", "status": "PASS", "seconds": 59.72, "exit_code": 0}
{"gate": "ScenarioOneRemovalVerification", "status": "PASS", "seconds": 49.75, "exit_code": 0}
{"gate": "ClearanceVerification", "status": "PASS", "seconds": 79.1, "exit_code": 0}
{"gate": "MenuTutorialVerification", "status": "PASS", "seconds": 89.03, "exit_code": 0}
{"gate": "TimberAssortmentYieldVerification", "status": "PASS", "seconds": 50.37, "exit_code": 0}
{"gate": "Stage1WorkEconomyFoundationVerification", "status": "PASS", "seconds": 38.75, "exit_code": 0}
{"gate": "JuvenileMortalityFoundationVerification", "status": "PASS", "seconds": 54.41, "exit_code": 0}
{"gate": "JuvenileDisplayHeightVerification", "status": "PASS", "seconds": 48.89, "exit_code": 0}
{"gate": "Model2PedagogyVerification", "status": "PASS", "seconds": 58.4, "exit_code": 0}
